let ~a : integer = addInteger 1 2
    data Bool | Bool_match where
      True : Bool
      False : Bool
in Bool_match
     (ifThenElse {Bool} (lessThanInteger 3 4) True False) {integer -> integer}
     (\(x : integer) -> addInteger x 5) (\(x : integer) ->
                                           addInteger (addInteger x a) a)
     (addInteger 6 7)