(program
  1.1.0
  [
    [
      (lam funApp_i0 funApp_i1)
      (lam
        eta_i0
        [
          [
            [
              (lam addInteger_i0 addInteger_i1)
              (lam
                x_i0
                (lam
                  y_i0
                  [
                    [
                      [ (lam addInteger_i0 addInteger_i1) (builtin addInteger) ]
                      x_i2
                    ]
                    y_i1
                  ]
                )
              )
            ]
            [ (lam appNum_i0 appNum_i1) (con integer 4) ]
          ]
          eta_i1
        ]
      )
    ]
    (con integer 5)
  ]
)