(program
  1.0.0
  [
    (lam
      idFun_i0
      [
        [
          [
            (lam addInteger_i0 addInteger_i1)
            (lam
              x_i0
              (lam
                y_i0
                [
                  [
                    [ (lam addInteger_i0 addInteger_i1) (builtin addInteger) ]
                    x_i2
                  ]
                  y_i1
                ]
              )
            )
          ]
          [ (force idFun_i1) (con integer 3) ]
        ]
        [ (force idFun_i1) (con integer 3) ]
      ]
    )
    (delay (lam x_i0 x_i1))
  ]
)