(program
  1.1.0
  (let
    (nonrec)
    (termbind
      (strict)
      (vardecl idFun (all a (type) (fun a a)))
      (abs a (type) (lam x a x))
    )
    (termbind (nonstrict) (vardecl k (all a (type) (fun a a))) idFun)
    (termbind
      (nonstrict)
      (vardecl funApp (fun (con integer) (con integer)))
      { idFun (con integer) }
    )
    [
      { k (con integer) }
      [ [ { k (fun (con integer) (con integer)) } funApp ] (con integer 3) ]
    ]
  )
)